[zairito-html.zainiktheme.com/demo/index.html]
[backblue.gif]
[fade.gif]
[index.html]
[zairito-html.zainiktheme.com/demo/assets/css/plugins.css]
[zairito-html.zainiktheme.com/demo/assets/css/style.css]
[zairito-html.zainiktheme.com/demo/assets/css/responsive.css]
[zairito-html.zainiktheme.com/demo/assets/css/bootstrap.min.css]
[zairito-html.zainiktheme.com/demo/assets/images/favicon.png]
[zairito-html.zainiktheme.com/demo/assets/images/preloader.svg]
[zairito-html.zainiktheme.com/demo/refund-policy.html]
[zairito-html.zainiktheme.com/demo/about-us.html]
[zairito-html.zainiktheme.com/demo/blog.html]
[zairito-html.zainiktheme.com/demo/faq.html]
[zairito-html.zainiktheme.com/demo/assets/images/united-states.png]
[zairito-html.zainiktheme.com/demo/assets/images/india.png]
[zairito-html.zainiktheme.com/demo/sign-in.html]
[zairito-html.zainiktheme.com/demo/assets/images/zairito.png]
[zairito-html.zainiktheme.com/demo/wish-list.html]
[zairito-html.zainiktheme.com/demo/compare.html]
[zairito-html.zainiktheme.com/demo/index2.html]
[zairito-html.zainiktheme.com/demo/index3.html]
[zairito-html.zainiktheme.com/demo/shop-grid-right-sidebar.html]
[zairito-html.zainiktheme.com/demo/shop-list-left-sidebar.html]
[zairito-html.zainiktheme.com/demo/shop-grid-left-sidebar.html]
[zairito-html.zainiktheme.com/demo/shop-list-right-sidebar.html]
[zairito-html.zainiktheme.com/demo/single-product.html]
[zairito-html.zainiktheme.com/demo/shop-grid.html]
[zairito-html.zainiktheme.com/demo/shop-list.html]
[zairito-html.zainiktheme.com/demo/cart.html]
[zairito-html.zainiktheme.com/demo/single-product-v2.html]
[zairito-html.zainiktheme.com/demo/checkout.html]
[zairito-html.zainiktheme.com/demo/empty-wish-list.html]
[zairito-html.zainiktheme.com/demo/single-product-v3.html]
[zairito-html.zainiktheme.com/demo/assets/images/mega-menu-banner.png]
[zairito-html.zainiktheme.com/demo/term-conditions.html]
[zairito-html.zainiktheme.com/demo/privacy-policy.html]
[zairito-html.zainiktheme.com/demo/shipping-return.html]
[zairito-html.zainiktheme.com/demo/error.html]
[zairito-html.zainiktheme.com/demo/sign-up.html]
[zairito-html.zainiktheme.com/demo/contact.html]
[zairito-html.zainiktheme.com/demo/single-blog.html]
[zairito-html.zainiktheme.com/demo/assets/images/cart-sidebar-img1.png]
[zairito-html.zainiktheme.com/demo/assets/images/cart-sidebar-img2.png]
[zairito-html.zainiktheme.com/demo/assets/images/hero-banner-bg.png]
[zairito-html.zainiktheme.com/demo/assets/images/hero-banner-image-1.png]
[zairito-html.zainiktheme.com/demo/assets/images/hero-banner-bg-2.png]
[zairito-html.zainiktheme.com/demo/assets/images/hero-banner-image-2.png]
[zairito-html.zainiktheme.com/demo/assets/images/hero-banner-bg-3.png]
[zairito-html.zainiktheme.com/demo/assets/images/hero-banner-image-3.png]
[zairito-html.zainiktheme.com/demo/assets/images/treva.png]
[zairito-html.zainiktheme.com/demo/assets/images/zoo-tv.png]
[zairito-html.zainiktheme.com/demo/assets/images/circle.png]
[zairito-html.zainiktheme.com/demo/assets/images/code-lab.png]
[zairito-html.zainiktheme.com/demo/assets/images/hex-lab.png]
[zairito-html.zainiktheme.com/demo/assets/images/kanba.png]
[zairito-html.zainiktheme.com/demo/assets/images/product-image-1.png]
[zairito-html.zainiktheme.com/demo/assets/images/product-image-2.png]
[zairito-html.zainiktheme.com/demo/assets/images/product-image-3.png]
[zairito-html.zainiktheme.com/demo/assets/images/product-image-4.png]
[zairito-html.zainiktheme.com/demo/assets/images/product-image-5.png]
[zairito-html.zainiktheme.com/demo/assets/images/product-image-6.png]
[zairito-html.zainiktheme.com/demo/assets/images/product-image-7.png]
[zairito-html.zainiktheme.com/demo/assets/images/product-image-8.png]
[zairito-html.zainiktheme.com/demo/assets/images/product-banner-1.jpg]
[zairito-html.zainiktheme.com/demo/assets/images/product-banner-2.jpg]
[zairito-html.zainiktheme.com/demo/assets/images/blog-1.jpg]
[zairito-html.zainiktheme.com/demo/assets/images/blog-2.jpg]
[zairito-html.zainiktheme.com/demo/assets/images/blog-3.jpg]
[zairito-html.zainiktheme.com/demo/assets/images/blog-4.jpg]
[zairito-html.zainiktheme.com/demo/assets/images/gallery-1.jpg]
[zairito-html.zainiktheme.com/demo/assets/images/gallery-2.jpg]
[zairito-html.zainiktheme.com/demo/assets/images/gallery-3.jpg]
[zairito-html.zainiktheme.com/demo/assets/images/gallery-4.jpg]
[zairito-html.zainiktheme.com/demo/assets/images/gallery-5.jpg]
[zairito-html.zainiktheme.com/demo/assets/images/gallery-6.jpg]
[zairito-html.zainiktheme.com/demo/assets/images/gallery-7.jpg]
[zairito-html.zainiktheme.com/demo/assets/images/testimonial-images/l-1.png]
[zairito-html.zainiktheme.com/demo/assets/images/testimonial-images/l-2.png]
[zairito-html.zainiktheme.com/demo/assets/images/testimonial-images/l-3.png]
[zairito-html.zainiktheme.com/demo/assets/images/testimonial-images/l-4.png]
[zairito-html.zainiktheme.com/demo/assets/images/testimonial-images/r-1.png]
[zairito-html.zainiktheme.com/demo/assets/images/testimonial-images/r-2.png]
[zairito-html.zainiktheme.com/demo/assets/images/testimonial-images/r-3.png]
[zairito-html.zainiktheme.com/demo/assets/images/testimonial-images/r-4.png]
[zairito-html.zainiktheme.com/demo/assets/images/shape.png]
[zairito-html.zainiktheme.com/demo/assets/images/testimonal-image-1.png]
[zairito-html.zainiktheme.com/demo/assets/images/testimonal-image-2.png]
[zairito-html.zainiktheme.com/demo/assets/images/testimonal-image-3.png]
[zairito-html.zainiktheme.com/demo/assets/images/footer-logo.png]
[zairito-html.zainiktheme.com/demo/assets/images/accepts-image.png]
[zairito-html.zainiktheme.com/demo/assets/js/jquery-3.6.0.min.js]
[zairito-html.zainiktheme.com/demo/assets/js/bootstrap.min.js]
[zairito-html.zainiktheme.com/demo/assets/js/plugins.js]
[zairito-html.zainiktheme.com/demo/assets/js/main.js]
[zairito-html.zainiktheme.com/demo/index.html]
[zairito-html.zainiktheme.com/demo/assets/css/bootstrap.min.css]
[zairito-html.zainiktheme.com/demo/assets/fonts/fa-brands-400.eot]
[zairito-html.zainiktheme.com/demo/assets/fonts/fa-brands-400.woff2]
[zairito-html.zainiktheme.com/demo/assets/fonts/fa-brands-400.woff]
[zairito-html.zainiktheme.com/demo/assets/fonts/fa-brands-400.ttf]
[zairito-html.zainiktheme.com/demo/assets/fonts/fa-brands-400d41d.eot]
[zairito-html.zainiktheme.com/demo/assets/fonts/fa-regular-400.eot]
[zairito-html.zainiktheme.com/demo/assets/fonts/fa-regular-400d41d.eot]
[zairito-html.zainiktheme.com/demo/assets/fonts/fa-regular-400.woff2]
[zairito-html.zainiktheme.com/demo/assets/fonts/fa-regular-400.woff]
[zairito-html.zainiktheme.com/demo/assets/fonts/fa-regular-400.ttf]
[zairito-html.zainiktheme.com/demo/assets/fonts/fa-regular-400.svg]
[zairito-html.zainiktheme.com/demo/assets/fonts/fa-solid-900.eot]
[zairito-html.zainiktheme.com/demo/assets/fonts/fa-solid-900.woff2]
[zairito-html.zainiktheme.com/demo/assets/fonts/fa-solid-900d41d.eot]
[zairito-html.zainiktheme.com/demo/assets/fonts/fa-solid-900.woff]
[zairito-html.zainiktheme.com/demo/assets/fonts/fa-solid-900.ttf]
[zairito-html.zainiktheme.com/demo/assets/fonts/fa-solid-900.svg]
[zairito-html.zainiktheme.com/demo/assets/fonts/flaticon5d92.ttf]
[zairito-html.zainiktheme.com/demo/assets/fonts/flaticon5d92.woff]
[zairito-html.zainiktheme.com/demo/assets/fonts/flaticon5d92.woff2]
[zairito-html.zainiktheme.com/demo/assets/fonts/fa-brands-400.svg]
[zairito-html.zainiktheme.com/demo/assets/fonts/flaticon5d92.eot]
[zairito-html.zainiktheme.com/demo/assets/css/plugins.css]
[zairito-html.zainiktheme.com/demo/assets/fonts/flaticon5d92.svg]
[zairito-html.zainiktheme.com/demo/assets/images/about-bg.jpg]
[zairito-html.zainiktheme.com/demo/assets/images/shop-image.png]
[zairito-html.zainiktheme.com/demo/assets/images/spectial-offer-bg.jpg]
[zairito-html.zainiktheme.com/demo/assets/images/breadcrumb-bg.png]
[zairito-html.zainiktheme.com/demo/assets/images/breadcrumb-bg-3.png]
[zairito-html.zainiktheme.com/demo/assets/images/service-image.png]
[zairito-html.zainiktheme.com/demo/assets/css/style.css]
[zairito-html.zainiktheme.com/demo/assets/css/responsive.css]
[zairito-html.zainiktheme.com/demo/assets/images/preloader.svg]
[zairito-html.zainiktheme.com/demo/refund-policy.html]
[zairito-html.zainiktheme.com/demo/assets/images/aboutus-image.png]
[zairito-html.zainiktheme.com/demo/assets/images/service-icon-1.png]
[zairito-html.zainiktheme.com/demo/assets/images/service-icon-2.png]
[zairito-html.zainiktheme.com/demo/assets/images/service-icon-3.png]
[zairito-html.zainiktheme.com/demo/assets/images/service-icon-4.png]
[zairito-html.zainiktheme.com/demo/assets/images/features-icon-1.png]
[zairito-html.zainiktheme.com/demo/assets/images/features-icon-2.png]
[zairito-html.zainiktheme.com/demo/assets/images/features-icon-3.png]
[zairito-html.zainiktheme.com/demo/about-us.html]
[zairito-html.zainiktheme.com/demo/assets/images/blog-5.jpg]
[zairito-html.zainiktheme.com/demo/assets/images/blog-6.jpg]
[zairito-html.zainiktheme.com/demo/blog.html]
[zairito-html.zainiktheme.com/demo/faq.html]
[zairito-html.zainiktheme.com/demo/sign-in.html]
[zairito-html.zainiktheme.com/demo/wish-list.html]
[zairito-html.zainiktheme.com/demo/compare.html]
[zairito-html.zainiktheme.com/demo/assets/images/zairito-home-two.png]
[zairito-html.zainiktheme.com/demo/assets/images/hero-slider-v2-image.png]
[zairito-html.zainiktheme.com/demo/assets/images/home-two-product-image-1.png]
[zairito-html.zainiktheme.com/demo/assets/images/home-two-product-image-2.png]
[zairito-html.zainiktheme.com/demo/assets/images/home-two-product-image-3.png]
[zairito-html.zainiktheme.com/demo/assets/images/line-shape-one.png]
[zairito-html.zainiktheme.com/demo/assets/images/line-shape-two.png]
[zairito-html.zainiktheme.com/demo/assets/images/offer-image.png]
[zairito-html.zainiktheme.com/demo/assets/images/home-two-product-image-4.png]
[zairito-html.zainiktheme.com/demo/assets/images/home-two-product-image-5.png]
[zairito-html.zainiktheme.com/demo/assets/images/home-two-product-image-6.png]
[zairito-html.zainiktheme.com/demo/assets/images/testimonial-v2-image-1.png]
[zairito-html.zainiktheme.com/demo/assets/images/testimonial-v2-image-2.png]
[zairito-html.zainiktheme.com/demo/assets/images/testimonial-v2-image-3.png]
[zairito-html.zainiktheme.com/demo/assets/images/home-2-gallery-1.jpg]
[zairito-html.zainiktheme.com/demo/assets/images/home-2-gallery-2.jpg]
[zairito-html.zainiktheme.com/demo/assets/images/home-2-gallery-3.jpg]
[zairito-html.zainiktheme.com/demo/assets/images/home-2-gallery-4.jpg]
[zairito-html.zainiktheme.com/demo/assets/images/home-2-gallery-5.jpg]
[zairito-html.zainiktheme.com/demo/assets/images/home-2-gallery-6.jpg]
[zairito-html.zainiktheme.com/demo/assets/images/footer-logo-two.png]
[zairito-html.zainiktheme.com/demo/index2.html]
[zairito-html.zainiktheme.com/demo/assets/images/zairito-logo.png]
[zairito-html.zainiktheme.com/demo/assets/images/menu-bar.svg]
[zairito-html.zainiktheme.com/demo/assets/images/hero-section-v3-image-1.png]
[zairito-html.zainiktheme.com/demo/assets/images/hero-section-v3-image-2.png]
[zairito-html.zainiktheme.com/demo/assets/images/hero-section-v3-image-3.png]
[zairito-html.zainiktheme.com/demo/assets/images/feature-icon-1.svg]
[zairito-html.zainiktheme.com/demo/assets/images/product-about-1.png]
[zairito-html.zainiktheme.com/demo/assets/images/product-about-2.png]
[zairito-html.zainiktheme.com/demo/assets/images/product-v3-image-1.png]
[zairito-html.zainiktheme.com/demo/assets/images/product-v3-image-2.png]
[zairito-html.zainiktheme.com/demo/assets/images/product-v3-image-3.png]
[zairito-html.zainiktheme.com/demo/assets/images/product-v3-image-4.png]
[zairito-html.zainiktheme.com/demo/assets/images/testimonial-v3-image-1.png]
[zairito-html.zainiktheme.com/demo/assets/images/testimonial-v3-image-2.png]
[zairito-html.zainiktheme.com/demo/assets/images/offer-image-2.png]
[zairito-html.zainiktheme.com/demo/assets/images/footer-logo-3.png]
[zairito-html.zainiktheme.com/demo/index3.html]
[zairito-html.zainiktheme.com/demo/shop-grid-left-sidebar.html]
[zairito-html.zainiktheme.com/demo/shop-grid-right-sidebar.html]
[zairito-html.zainiktheme.com/demo/shop-grid.html]
[zairito-html.zainiktheme.com/demo/assets/images/list-product-1.png]
[zairito-html.zainiktheme.com/demo/assets/images/list-product-2.png]
[zairito-html.zainiktheme.com/demo/assets/images/list-product-3.png]
[zairito-html.zainiktheme.com/demo/assets/images/list-product-4.png]
[zairito-html.zainiktheme.com/demo/shop-list-left-sidebar.html]
[zairito-html.zainiktheme.com/demo/shop-list-right-sidebar.html]
[zairito-html.zainiktheme.com/demo/shop-list.html]
[zairito-html.zainiktheme.com/demo/assets/images/single-product-image1.png]
[zairito-html.zainiktheme.com/demo/assets/images/single-product-image2.png]
[zairito-html.zainiktheme.com/demo/assets/images/single-product-image3.png]
[zairito-html.zainiktheme.com/demo/assets/images/single-product-image4.png]
[zairito-html.zainiktheme.com/demo/assets/images/delivery-van-icon.svg]
[zairito-html.zainiktheme.com/demo/assets/images/shipping-return.svg]
[zairito-html.zainiktheme.com/demo/assets/images/payment-method-image.png]
[zairito-html.zainiktheme.com/demo/assets/images/reviewer-image-1.png]
[zairito-html.zainiktheme.com/demo/single-product.html]
[zairito-html.zainiktheme.com/demo/assets/images/reviewer-v2-image-1.png]
[zairito-html.zainiktheme.com/demo/assets/images/reviewer-v2-image-2.png]
[zairito-html.zainiktheme.com/demo/single-product-v2.html]
[zairito-html.zainiktheme.com/demo/single-product-v3.html]
[zairito-html.zainiktheme.com/demo/cart.html]
[zairito-html.zainiktheme.com/demo/assets/images/payment-method.png]
[zairito-html.zainiktheme.com/demo/assets/images/card-image.png]
[zairito-html.zainiktheme.com/demo/assets/images/paypal.png]
[zairito-html.zainiktheme.com/demo/checkout.html]
[zairito-html.zainiktheme.com/demo/assets/images/empty-box.png]
[zairito-html.zainiktheme.com/demo/empty-wish-list.html]
[zairito-html.zainiktheme.com/demo/term-conditions.html]
[zairito-html.zainiktheme.com/demo/privacy-policy.html]
[zairito-html.zainiktheme.com/demo/shipping-return.html]
[zairito-html.zainiktheme.com/demo/error.html]
[zairito-html.zainiktheme.com/demo/sign-up.html]
[zairito-html.zainiktheme.com/demo/assets/images/blog-single-image.png]
[zairito-html.zainiktheme.com/demo/assets/images/post-author.png]
[zairito-html.zainiktheme.com/demo/assets/images/comments-author-1.png]
[zairito-html.zainiktheme.com/demo/assets/images/comments-author-2.png]
[zairito-html.zainiktheme.com/demo/single-blog.html]
[zairito-html.zainiktheme.com/demo/assets/images/contact-info-1.png]
[zairito-html.zainiktheme.com/demo/assets/images/contact-info-2.png]
[zairito-html.zainiktheme.com/demo/assets/images/contact-info-3.png]
[zairito-html.zainiktheme.com/demo/contact.html]
[zairito-html.zainiktheme.com/demo/assets/images/hero-banner-image-1.png]
[zairito-html.zainiktheme.com/demo/assets/images/gallery-1.jpg]
[zairito-html.zainiktheme.com/demo/assets/images/gallery-3.jpg]
[zairito-html.zainiktheme.com/demo/assets/js/jquery-3.6.0.min.js]
[zairito-html.zainiktheme.com/demo/assets/js/bootstrap.min.js]
[zairito-html.zainiktheme.com/demo/assets/js/plugins.js]
[zairito-html.zainiktheme.com/demo/assets/js/main.js]
[zairito-html.zainiktheme.com/demo/assets/fonts/fa-brands-400.svg]
[zairito-html.zainiktheme.com/demo/assets/fonts/fa-regular-400.svg]
[zairito-html.zainiktheme.com/demo/assets/fonts/fa-solid-900.svg]
[zairito-html.zainiktheme.com/demo/assets/fonts/flaticon5d92.svg]
[zairito-html.zainiktheme.com/demo/assets/images/close.svg]
[zairito-html.zainiktheme.com/demo/assets/images/testimonial-v2-image-3.png]
[zairito-html.zainiktheme.com/demo/assets/images/menu-bar.svg]
[zairito-html.zainiktheme.com/demo/assets/images/feature-icon-1.svg]
[zairito-html.zainiktheme.com/demo/assets/images/product-about-1.png]
[zairito-html.zainiktheme.com/demo/assets/images/angle-down.svg]
[zairito-html.zainiktheme.com/demo/assets/images/view-list.svg]
[zairito-html.zainiktheme.com/demo/assets/images/view-grid.svg]
[zairito-html.zainiktheme.com/demo/assets/images/delivery-van-icon.svg]
[zairito-html.zainiktheme.com/demo/assets/images/shipping-return.svg]
